;import mesh
/file read-mesh /groups/achilli/EPRI/testMesh.msh
;
;switch mode
/switch-to-solution-mode yes
;
;define materials
/define materials copy fluid water-liquid
/define materials change-create water-liquid water-di yes constant 998 no no yes constant 0.001002 no no no no
/define materials change-create water-liquid water-35g yes constant 1024.9 no no yes constant 0.001077 no no no no
/define materials change-create water-liquid water-70g yes constant 1051.8 no no yes constant 0.001168 no no no no
/define materials change-create water-liquid water-120g yes constant 1090.3 no no yes constant 0.001326 no no no no
;
/define models species species-transport yes inert-mixture
/define materials change-create inert-mixture draw120-perm yes 2 water-120g water-di 0 0 yes volume-weighted-mixing-law yes mixing-law yes mass-weighted-mixing-law yes mass-weighted-mixing-law yes constant-dilute-appx 1 1.0e-11 no no
/define materials change-create inert-mixture draw70-perm yes 2 water-70g water-di 0 0 yes volume-weighted-mixing-law yes mixing-law yes mass-weighted-mixing-law yes mass-weighted-mixing-law yes constant-dilute-appx 1 1.0e-11 no no
/define models species species-transport yes draw-perm
;
/surface line-surface centerline 0.002802 0 0.00231 0.002802 0.001 0.00231
/define b-c fluid fluid mixture yes draw-perm , , , , , , , , , , , , , , , , , , , ,
/define b-c velocity-inlet inlet no no yes yes no 0.05 , , , , , , , , , , , 1
/define b-c wall bottom , , , , , , , , , , , , , , , no yes no 0 , ,
;
/solve initialize initialize-flow
;solve
/solve iterate 100
/plot plot yes /groups/achilli/EPRI/testPlot no yes 0 1 0 no no water-70g centerline ,
/report surface-integrals area-weighted-avg inlet vPlane1 vPlane2 vPlane3 outlet , pressure yes /groups/achilli/EPRI/batch_2/data/pressure/mesh_0_density1_005.srp
/report summary y /groups/achilli/EPRI/batch_2/reports/expReport_0.sum
/plot residuals-set plot-to-file /groups/achilli/EPRI/batch_2/data/residuals/residuals_0_density1_005.dat
/solve iterate 1
/file export ensight-gold /groups/achilli/EPRI/batch_2/data/raw/mesh_0_density1_005 pressure velocity-magnitude x-velocity y-velocity z-velocity x-wall-shear y-wall-shear z-wall-shear vorticity-mag dp-dx density helicity viscosity-lam strain-rate-mag q y fluid , , , 
;
exit yes